---
source: cargo-files-core/tests/tests.rs
expression: run_test(&krate)
---
src/lib.rs
src/test/cat.rs
src/test/mod.rs
src/whatever.rs
