---
source: cargo-files-core/tests/tests.rs
expression: run_test(&krate)
---
src/canned/soup.rs
src/lib.rs
